[34msuite 1[0m > [34msuite nested 1[0m
[32mok[0m jabberwock [[32m1[0m pass]
[34msuite 1[0m
[32mok[0m brillig [[32m2[0m pass]
[34msuite 2[0m
[31mnot ok[0m slithy [[31m1[0m fail, [32m0[0m pass]
  ([31m1[0m) [36mtests/terminal-output.lua[0m:[36m[--][0m: expected: [35m5[0m, got: [31m3[0m

[34msuite 2[0m > [34msuite nested 2[0m
[32mok[0m mimsy [[32m1[0m pass]
--------------------------
[32mpass[0m: [32m3[0m tests, [32m4[0m assertions
[31mfail[0m: [31m1[0m tests, [31m1[0m assertions
