[32mall tests pass[0m: [32m2[0m
assertions: 2
