[34mdefault suite[0m
[32m+[0m jabberwock [[32m1[0m pass]
[32m+[0m brillig [[32m1[0m pass]
--------------------------
[32mall tests pass[0m: [32m2[0m
assertions: 2
