[34mdefault suite[0m
[31mnot ok[0m error.contains [[31m1[0m fail, [32m3[0m pass]
  ([31m1[0m) [38;5;214merror.contains: no match[0m
  [36mtests/terminal-output.lua[0m:[36m[--][0m: matching: "[35m[Bb]lammo[0m", against: "[31mtests/terminal-output.lua:[--]: anyone met my mate dammo?[0m"
--------------------------
[32mpass[0m: [32m0[0m tests, [32m3[0m assertions
[31mfail[0m: [31m1[0m tests, [31m1[0m assertions
