<?xml version="1.0" encoding="UTF-8"?>

<testsuites tests="4" failures="1" errors="0" assertions="5" skipped="0">
  <testsuite name="suite 1">
    <properties><property name="Lua Version" value="Lua 5.4" /></properties>
    <testcase name="jabberwock" classname="suite 1" assertions="1" />
  </testsuite>
  <testsuite name="default">
    <properties><property name="Lua Version" value="Lua 5.4" /></properties>
    <testcase name="brillig" classname="default" assertions="2" />
    <testcase name="mimsy" classname="default" assertions="1" />
  </testsuite>
  <testsuite name="suite 2">
    <properties><property name="Lua Version" value="Lua 5.4" /></properties>
    <testcase name="slithy" classname="suite 2" assertions="1">
      <failure message="tests/junit-output.lua:200: expected: 5, got: 3"></failure>
    </testcase>
  </testsuite>
</testsuites>
