<?xml version="1.0" encoding="UTF-8"?>

<testsuites tests="1" failures="1" errors="1" assertions="0" skipped="0">
  <testsuite name="default">
    <properties><property name="Lua Version" value="Lua 5.4" /></properties>
    <testcase name="jabberwock" classname="default" assertions="0">
      <error message="tests/junit-output.lua:74: I did a boo-boo">
        <![CDATA[stack traceback:
	tests/junit-output.lua:251: in main chunk
	[C]: in ?]]>
      </error>
    </testcase>
  </testsuite>
</testsuites>
