[34mdefault suite[0m
[32m+[0m jabberwock [[32m1[0m pass]
--------------------------
[32mall tests pass[0m: [32m1[0m
assertions: 1
