[34mdefault suite[0m
[31mx[0m jabberwock [[31m1[0m fail, [32m0[0m pass]
  ([31m1[0m) [36mtests/terminal-output.lua[0m:[36m62[0m: expected: [35m99[0m, got: [31m42[0m
--------------------------
[32mpass[0m: [32m0[0m tests, [32m0[0m assertions
[31mfail[0m: [31m1[0m tests, [31m1[0m assertions
