[34mdefault suite[0m
[31mnot ok[0m truthy [[31m3[0m fail, [32m4[0m pass]
  ([31m1[0m) [38;5;214mthis will fail[0m
  [36mtests/terminal-output.lua[0m:[36m[--][0m: expected: [35mnot nil|false[0m, got: [31mnil[0m
  ([31m2[0m) [36mtests/terminal-output.lua[0m:[36m[--][0m: expected: [35mnot nil|false[0m, got: [31mnil[0m
  ([31m3[0m) [36mtests/terminal-output.lua[0m:[36m[--][0m: expected: [35mnot nil|false[0m, got: [31mfalse[0m

[31mnot ok[0m true [[31m8[0m fail, [32m2[0m pass]
  ([31m1[0m) [36mtests/terminal-output.lua[0m:[36m[--][0m: expected: [35mtrue[0m, got: [31mfalse[0m
  ([31m2[0m) [36mtests/terminal-output.lua[0m:[36m[--][0m: expected: [35mtrue[0m, got: [31mfalse[0m
  ([31m3[0m) [38;5;214mmessage1[0m
  [36mtests/terminal-output.lua[0m:[36m[--][0m: expected: [35mtrue[0m, got: [31mfalse[0m
  ([31m4[0m) [38;5;214mmessage2[0m
  [36mtests/terminal-output.lua[0m:[36m[--][0m: expected: [35mtrue[0m, got: [31mfalse[0m
  ([31m5[0m) [36mtests/terminal-output.lua[0m:[36m[--][0m: expected: [35mtrue[0m, got: "[31mhi[0m"
  ([31m6[0m) [36mtests/terminal-output.lua[0m:[36m[--][0m: expected: [35mtrue[0m, got: "[31mhi[0m"
  ([31m7[0m) [38;5;214mmessage1[0m
  [36mtests/terminal-output.lua[0m:[36m[--][0m: expected: [35mtrue[0m, got: "[31mhi[0m"
  ([31m8[0m) [38;5;214mmessage2[0m
  [36mtests/terminal-output.lua[0m:[36m[--][0m: expected: [35mtrue[0m, got: "[31mhi[0m"

[31mnot ok[0m falsey [[31m4[0m fail, [32m3[0m pass]
  ([31m1[0m) [36mtests/terminal-output.lua[0m:[36m[--][0m: expected: [35mnil|false[0m, got: [31m1[0m
  ([31m2[0m) [38;5;214mmessage1[0m
  [36mtests/terminal-output.lua[0m:[36m[--][0m: expected: [35mnil|false[0m, got: "[31mhi[0m"
  ([31m3[0m) [36mtests/terminal-output.lua[0m:[36m[--][0m: expected: [35mnil|false[0m, got: [31mfunction: [normalized for test][0m
  ([31m4[0m) [38;5;214mmessage2[0m
  [36mtests/terminal-output.lua[0m:[36m[--][0m: expected: [35mnil|false[0m, got: [31m{}[0m

[31mnot ok[0m nil [[31m6[0m fail, [32m2[0m pass]
  ([31m1[0m) [36mtests/terminal-output.lua[0m:[36m[--][0m: expected: [35mnil[0m, got: [31mfalse[0m
  ([31m2[0m) [36mtests/terminal-output.lua[0m:[36m[--][0m: expected: [35mnil[0m, got: [31mfalse[0m
  ([31m3[0m) [38;5;214mmessage1[0m
  [36mtests/terminal-output.lua[0m:[36m[--][0m: expected: [35mnil[0m, got: [31mfalse[0m
  ([31m4[0m) [38;5;214mmessage1[0m
  [36mtests/terminal-output.lua[0m:[36m[--][0m: expected: [35mnil[0m, got: [31mfalse[0m
  ([31m5[0m) [38;5;214mmessage1[0m
  [36mtests/terminal-output.lua[0m:[36m[--][0m: expected: [35mnil[0m, got: "[31mhi[0m"
  ([31m6[0m) [38;5;214mmessage1[0m
  [36mtests/terminal-output.lua[0m:[36m[--][0m: expected: [35mnil[0m, got: "[31mhi[0m"
--------------------------
[32mpass[0m: [32m0[0m tests, [32m11[0m assertions
[31mfail[0m: [31m4[0m tests, [31m21[0m assertions
